// Jest Snapshot v1, https://goo.gl/fbAQLP

exports[`Category component should render category component 1`] = `ShallowWrapper {}`;
